// Vitest Snapshot v1, https://vitest.dev/guide/snapshot.html

exports[`Packages.build > builds all packages 1`] = `
[
  {
    "packageJson": {
      "exports": {
        ".": {
          "default": "./dist/index.d.ts",
          "src": "./index.ts",
          "types": "./dist/index.js",
        },
      },
      "name": "basic",
      "type": "module",
      "version": "0.0.0",
    },
    "tsConfig": {
      "compilerOptions": {
        "declaration": true,
        "declarationMap": true,
        "isolatedModules": true,
        "module": "nodenext",
        "moduleDetection": "force",
        "noEmit": false,
        "outDir": "/Users/jakemoxey/git/zile2/test/.tmp/0/repos/basic-object-exports/dist",
        "skipLibCheck": true,
        "sourceMap": true,
        "strict": true,
        "verbatimModuleSyntax": true,
      },
      "include": [
        "/Users/jakemoxey/git/zile2/test/.tmp/0/repos/basic-object-exports/index.ts",
      ],
    },
  },
  {
    "packageJson": {
      "exports": {
        ".": {
          "default": "./dist/index.d.ts",
          "src": "./index.ts",
          "types": "./dist/index.js",
        },
      },
      "name": "basic",
      "type": "module",
      "version": "0.0.0",
    },
    "tsConfig": {
      "compilerOptions": {
        "declaration": true,
        "declarationMap": true,
        "isolatedModules": true,
        "module": "nodenext",
        "moduleDetection": "force",
        "noEmit": false,
        "outDir": "/Users/jakemoxey/git/zile2/test/.tmp/0/repos/basic/dist",
        "skipLibCheck": true,
        "sourceMap": true,
        "strict": true,
        "verbatimModuleSyntax": true,
      },
      "include": [
        "/Users/jakemoxey/git/zile2/test/.tmp/0/repos/basic/index.ts",
      ],
    },
  },
]
`;
